// Jest Snapshot v1, https://goo.gl/fbAQLP

exports[`Checkbox component test Checkbox snapshot test should render correctly 1`] = `
<View
  accessibilityLabel="check-box-default"
  accessible={true}
  focusable={true}
  hitSlop={
    Object {
      "bottom": 15,
      "left": 15,
      "right": 15,
      "top": 15,
    }
  }
  onClick={[Function]}
  onResponderGrant={[Function]}
  onResponderMove={[Function]}
  onResponderRelease={[Function]}
  onResponderTerminate={[Function]}
  onResponderTerminationRequest={[Function]}
  onStartShouldSetResponder={[Function]}
  style={
    Object {
      "alignItems": "center",
      "flexDirection": "row",
      "opacity": 1,
    }
  }
  testID="check-box-default"
>
  <View
    style={
      Object {
        "alignItems": "center",
        "borderColor": "#E0E0E0",
        "borderRadius": 3,
        "borderWidth": 1,
        "height": 20,
        "justifyContent": "center",
        "width": 20,
      }
    }
  >
    <View
      accessibilityLabel="button-icon"
      accessible={true}
      focusable={false}
      hitSlop={
        Object {
          "bottom": 15,
          "left": 15,
          "right": 15,
          "top": 15,
        }
      }
      onClick={[Function]}
      onResponderGrant={[Function]}
      onResponderMove={[Function]}
      onResponderRelease={[Function]}
      onResponderTerminate={[Function]}
      onResponderTerminationRequest={[Function]}
      onStartShouldSetResponder={[Function]}
      style={
        Object {
          "opacity": 1,
        }
      }
      testID="button-icon"
    >
      <Text
        allowFontScaling={false}
        selectable={false}
        style={
          Array [
            Object {
              "color": undefined,
              "fontSize": 11,
            },
            Object {
              "color": "#EF4941",
            },
            Object {
              "fontFamily": "ColectionIcon",
              "fontStyle": "normal",
              "fontWeight": "normal",
            },
            Object {},
          ]
        }
      >
        î¤ž
      </Text>
    </View>
  </View>
</View>
`;
