// Jest Snapshot v1, https://goo.gl/fbAQLP

exports[`Icon component test Icon snapshot test should render correctly 1`] = `
<View
  accessibilityLabel="button-icon"
  accessible={true}
  focusable={false}
  hitSlop={
    Object {
      "bottom": 15,
      "left": 15,
      "right": 15,
      "top": 15,
    }
  }
  onClick={[Function]}
  onResponderGrant={[Function]}
  onResponderMove={[Function]}
  onResponderRelease={[Function]}
  onResponderTerminate={[Function]}
  onResponderTerminationRequest={[Function]}
  onStartShouldSetResponder={[Function]}
  style={
    Object {
      "opacity": 1,
    }
  }
  testID="button-icon"
>
  <Text
    allowFontScaling={false}
    selectable={false}
    style={
      Array [
        Object {
          "color": undefined,
          "fontSize": 16,
        },
        Object {
          "color": "black",
        },
        Object {
          "fontFamily": "ColectionIcon",
          "fontStyle": "normal",
          "fontWeight": "normal",
        },
        Object {},
      ]
    }
  >
    î¤´
  </Text>
</View>
`;

exports[`Icon component test Icon without Name snapshot test should render correctly 1`] = `null`;
