// Jest Snapshot v1, https://goo.gl/fbAQLP

exports[`Dot component test Dot snapshot test should render correctly 1`] = `
<View
  style={
    Object {
      "backgroundColor": "#909090",
      "borderRadius": 2.5,
      "height": 5,
      "marginVertical": 2,
      "width": 5,
    }
  }
/>
`;
